// Jest Snapshot v1, https://goo.gl/fbAQLP

exports[`gux-modal #render should render large modal 1`] = `"<gux-modal lang=\\"en\\" size=\\"large\\" class=\\"hydrated\\"><!----> <div class=\\"gux-modal\\"><div class=\\"gux-modal-container gux-large\\"><gux-dismiss-button tabindex=\\"0\\" class=\\"hydrated\\"></gux-dismiss-button><h1 class=\\"gux-modal-header\\"><div slot=\\"title\\">Modal Title</div></h1><div class=\\"gux-modal-content\\"><p></p><div slot=\\"content\\">This contains the modal content.</div><p></p></div><div class=\\"gux-button-footer\\"><div class=\\"gux-left-align-buttons\\"><div slot=\\"left-align-buttons\\"> <gux-button class=\\"hydrated\\">Cancel</gux-button> </div></div><div class=\\"gux-right-align-buttons\\"><div slot=\\"right-align-buttons\\"> <gux-button accent=\\"primary\\" class=\\"hydrated\\">Accept</gux-button> </div></div></div></div></div></gux-modal>"`;

exports[`gux-modal #render should render large modal 2`] = `"<gux-modal lang=\\"en\\" size=\\"large\\" class=\\"hydrated\\" hidden=\\"true\\"><!----> <div class=\\"gux-modal\\"><div class=\\"gux-modal-container gux-large\\"><gux-dismiss-button tabindex=\\"0\\" class=\\"hydrated\\"></gux-dismiss-button><h1 class=\\"gux-modal-header\\"><div slot=\\"title\\">Modal Title</div></h1><div class=\\"gux-modal-content\\"><p></p><div slot=\\"content\\">This contains the modal content.</div><p></p></div><div class=\\"gux-button-footer\\"><div class=\\"gux-left-align-buttons\\"><div slot=\\"left-align-buttons\\"> <gux-button class=\\"hydrated\\">Cancel</gux-button> </div></div><div class=\\"gux-right-align-buttons\\"><div slot=\\"right-align-buttons\\"> <gux-button accent=\\"primary\\" class=\\"hydrated\\">Accept</gux-button> </div></div></div></div></div></gux-modal>"`;

exports[`gux-modal #render should render medium modal 1`] = `"<gux-modal lang=\\"en\\" size=\\"medium\\" class=\\"hydrated\\"><!----> <div class=\\"gux-modal\\"><div class=\\"gux-modal-container gux-medium\\"><gux-dismiss-button tabindex=\\"0\\" class=\\"hydrated\\"></gux-dismiss-button><h1 class=\\"gux-modal-header\\"><div slot=\\"title\\">Modal Title</div></h1><div class=\\"gux-modal-content\\"><p></p><div slot=\\"content\\">This contains the modal content.</div><p></p></div><div class=\\"gux-button-footer\\"><div class=\\"gux-left-align-buttons\\"><div slot=\\"left-align-buttons\\"> <gux-button class=\\"hydrated\\">Cancel</gux-button> </div></div><div class=\\"gux-right-align-buttons\\"><div slot=\\"right-align-buttons\\"> <gux-button accent=\\"primary\\" class=\\"hydrated\\">Accept</gux-button> </div></div></div></div></div></gux-modal>"`;

exports[`gux-modal #render should render medium modal 2`] = `"<gux-modal lang=\\"en\\" size=\\"medium\\" class=\\"hydrated\\" hidden=\\"true\\"><!----> <div class=\\"gux-modal\\"><div class=\\"gux-modal-container gux-medium\\"><gux-dismiss-button tabindex=\\"0\\" class=\\"hydrated\\"></gux-dismiss-button><h1 class=\\"gux-modal-header\\"><div slot=\\"title\\">Modal Title</div></h1><div class=\\"gux-modal-content\\"><p></p><div slot=\\"content\\">This contains the modal content.</div><p></p></div><div class=\\"gux-button-footer\\"><div class=\\"gux-left-align-buttons\\"><div slot=\\"left-align-buttons\\"> <gux-button class=\\"hydrated\\">Cancel</gux-button> </div></div><div class=\\"gux-right-align-buttons\\"><div slot=\\"right-align-buttons\\"> <gux-button accent=\\"primary\\" class=\\"hydrated\\">Accept</gux-button> </div></div></div></div></div></gux-modal>"`;

exports[`gux-modal #render should render modal with just left align buttons 1`] = `"<gux-modal lang=\\"en\\" size=\\"small\\" class=\\"hydrated\\"><!----> <div class=\\"gux-modal\\"><div class=\\"gux-modal-container gux-small\\"><gux-dismiss-button tabindex=\\"0\\" class=\\"hydrated\\"></gux-dismiss-button><h1 class=\\"gux-modal-header\\"><div slot=\\"title\\">Modal Title</div></h1><div class=\\"gux-modal-content\\"><p></p><div slot=\\"content\\">This contains the modal content.</div><p></p></div><div class=\\"gux-button-footer\\"><div class=\\"gux-left-align-buttons\\"><div slot=\\"left-align-buttons\\"> <gux-button class=\\"hydrated\\">Cancel</gux-button> </div></div><div class=\\"gux-right-align-buttons\\"></div></div></div></div></gux-modal>"`;

exports[`gux-modal #render should render modal with just left align buttons 2`] = `"<gux-modal lang=\\"en\\" size=\\"small\\" class=\\"hydrated\\" hidden=\\"true\\"><!----> <div class=\\"gux-modal\\"><div class=\\"gux-modal-container gux-small\\"><gux-dismiss-button tabindex=\\"0\\" class=\\"hydrated\\"></gux-dismiss-button><h1 class=\\"gux-modal-header\\"><div slot=\\"title\\">Modal Title</div></h1><div class=\\"gux-modal-content\\"><p></p><div slot=\\"content\\">This contains the modal content.</div><p></p></div><div class=\\"gux-button-footer\\"><div class=\\"gux-left-align-buttons\\"><div slot=\\"left-align-buttons\\"> <gux-button class=\\"hydrated\\">Cancel</gux-button> </div></div><div class=\\"gux-right-align-buttons\\"></div></div></div></div></gux-modal>"`;

exports[`gux-modal #render should render modal with just right align buttons 1`] = `"<gux-modal lang=\\"en\\" size=\\"small\\" class=\\"hydrated\\"><!----> <div class=\\"gux-modal\\"><div class=\\"gux-modal-container gux-small\\"><gux-dismiss-button tabindex=\\"0\\" class=\\"hydrated\\"></gux-dismiss-button><h1 class=\\"gux-modal-header\\"><div slot=\\"title\\">Modal Title</div></h1><div class=\\"gux-modal-content\\"><p></p><div slot=\\"content\\">This contains the modal content.</div><p></p></div><div class=\\"gux-button-footer\\"><div class=\\"gux-left-align-buttons\\"></div><div class=\\"gux-right-align-buttons\\"><div slot=\\"right-align-buttons\\"> <gux-button accent=\\"primary\\" class=\\"hydrated\\">Accept</gux-button> </div></div></div></div></div></gux-modal>"`;

exports[`gux-modal #render should render modal with just right align buttons 2`] = `"<gux-modal lang=\\"en\\" size=\\"small\\" class=\\"hydrated\\" hidden=\\"true\\"><!----> <div class=\\"gux-modal\\"><div class=\\"gux-modal-container gux-small\\"><gux-dismiss-button tabindex=\\"0\\" class=\\"hydrated\\"></gux-dismiss-button><h1 class=\\"gux-modal-header\\"><div slot=\\"title\\">Modal Title</div></h1><div class=\\"gux-modal-content\\"><p></p><div slot=\\"content\\">This contains the modal content.</div><p></p></div><div class=\\"gux-button-footer\\"><div class=\\"gux-left-align-buttons\\"></div><div class=\\"gux-right-align-buttons\\"><div slot=\\"right-align-buttons\\"> <gux-button accent=\\"primary\\" class=\\"hydrated\\">Accept</gux-button> </div></div></div></div></div></gux-modal>"`;

exports[`gux-modal #render should render modal without a title 1`] = `"<gux-modal lang=\\"en\\" size=\\"large\\" class=\\"hydrated\\"><!----> <div class=\\"gux-modal\\"><div class=\\"gux-modal-container gux-large\\"><gux-dismiss-button tabindex=\\"0\\" class=\\"hydrated\\"></gux-dismiss-button><div class=\\"gux-modal-content\\"><p></p><div slot=\\"content\\">This contains the modal content.</div><p></p></div><div class=\\"gux-button-footer\\"><div class=\\"gux-left-align-buttons\\"><div slot=\\"left-align-buttons\\"> <gux-button class=\\"hydrated\\">Cancel</gux-button> </div></div><div class=\\"gux-right-align-buttons\\"><div slot=\\"right-align-buttons\\"> <gux-button accent=\\"primary\\" class=\\"hydrated\\">Accept</gux-button> </div></div></div></div></div></gux-modal>"`;

exports[`gux-modal #render should render modal without a title 2`] = `"<gux-modal lang=\\"en\\" size=\\"large\\" class=\\"hydrated\\" hidden=\\"true\\"><!----> <div class=\\"gux-modal\\"><div class=\\"gux-modal-container gux-large\\"><gux-dismiss-button tabindex=\\"0\\" class=\\"hydrated\\"></gux-dismiss-button><div class=\\"gux-modal-content\\"><p></p><div slot=\\"content\\">This contains the modal content.</div><p></p></div><div class=\\"gux-button-footer\\"><div class=\\"gux-left-align-buttons\\"><div slot=\\"left-align-buttons\\"> <gux-button class=\\"hydrated\\">Cancel</gux-button> </div></div><div class=\\"gux-right-align-buttons\\"><div slot=\\"right-align-buttons\\"> <gux-button accent=\\"primary\\" class=\\"hydrated\\">Accept</gux-button> </div></div></div></div></div></gux-modal>"`;

exports[`gux-modal #render should render modal without buttons 1`] = `"<gux-modal lang=\\"en\\" size=\\"small\\" class=\\"hydrated\\"><!----> <div class=\\"gux-modal\\"><div class=\\"gux-modal-container gux-small\\"><gux-dismiss-button tabindex=\\"0\\" class=\\"hydrated\\"></gux-dismiss-button><h1 class=\\"gux-modal-header\\"><div slot=\\"title\\">Modal Title</div></h1><div class=\\"gux-modal-content gux-no-buttons\\"><p></p><div slot=\\"content\\">This contains the modal content.</div><p></p></div></div></div></gux-modal>"`;

exports[`gux-modal #render should render modal without buttons 2`] = `"<gux-modal lang=\\"en\\" size=\\"small\\" class=\\"hydrated\\" hidden=\\"true\\"><!----> <div class=\\"gux-modal\\"><div class=\\"gux-modal-container gux-small\\"><gux-dismiss-button tabindex=\\"0\\" class=\\"hydrated\\"></gux-dismiss-button><h1 class=\\"gux-modal-header\\"><div slot=\\"title\\">Modal Title</div></h1><div class=\\"gux-modal-content gux-no-buttons\\"><p></p><div slot=\\"content\\">This contains the modal content.</div><p></p></div></div></div></gux-modal>"`;

exports[`gux-modal #render should render small modal 1`] = `"<gux-modal lang=\\"en\\" size=\\"small\\" class=\\"hydrated\\"><!----> <div class=\\"gux-modal\\"><div class=\\"gux-modal-container gux-small\\"><gux-dismiss-button tabindex=\\"0\\" class=\\"hydrated\\"></gux-dismiss-button><h1 class=\\"gux-modal-header\\"><div slot=\\"title\\">Modal Title</div></h1><div class=\\"gux-modal-content\\"><p></p><div slot=\\"content\\">This contains the modal content.</div><p></p></div><div class=\\"gux-button-footer\\"><div class=\\"gux-left-align-buttons\\"><div slot=\\"left-align-buttons\\"> <gux-button class=\\"hydrated\\">Cancel</gux-button> </div></div><div class=\\"gux-right-align-buttons\\"><div slot=\\"right-align-buttons\\"> <gux-button accent=\\"primary\\" class=\\"hydrated\\">Accept</gux-button> </div></div></div></div></div></gux-modal>"`;

exports[`gux-modal #render should render small modal 2`] = `"<gux-modal lang=\\"en\\" size=\\"small\\" class=\\"hydrated\\" hidden=\\"true\\"><!----> <div class=\\"gux-modal\\"><div class=\\"gux-modal-container gux-small\\"><gux-dismiss-button tabindex=\\"0\\" class=\\"hydrated\\"></gux-dismiss-button><h1 class=\\"gux-modal-header\\"><div slot=\\"title\\">Modal Title</div></h1><div class=\\"gux-modal-content\\"><p></p><div slot=\\"content\\">This contains the modal content.</div><p></p></div><div class=\\"gux-button-footer\\"><div class=\\"gux-left-align-buttons\\"><div slot=\\"left-align-buttons\\"> <gux-button class=\\"hydrated\\">Cancel</gux-button> </div></div><div class=\\"gux-right-align-buttons\\"><div slot=\\"right-align-buttons\\"> <gux-button accent=\\"primary\\" class=\\"hydrated\\">Accept</gux-button> </div></div></div></div></div></gux-modal>"`;

exports[`gux-modal #render should render small modal by default 1`] = `"<gux-modal lang=\\"en\\" class=\\"hydrated\\"><!----> <div class=\\"gux-modal\\"><div class=\\"gux-modal-container gux-dynamic\\"><gux-dismiss-button tabindex=\\"0\\" class=\\"hydrated\\"></gux-dismiss-button><h1 class=\\"gux-modal-header\\"><div slot=\\"title\\">Modal Title</div></h1><div class=\\"gux-modal-content\\"><p></p><div slot=\\"content\\">This contains the modal content.</div><p></p></div><div class=\\"gux-button-footer\\"><div class=\\"gux-left-align-buttons\\"><div slot=\\"left-align-buttons\\"> <gux-button class=\\"hydrated\\">Cancel</gux-button> </div></div><div class=\\"gux-right-align-buttons\\"><div slot=\\"right-align-buttons\\"> <gux-button accent=\\"primary\\" class=\\"hydrated\\">Accept</gux-button> </div></div></div></div></div></gux-modal>"`;

exports[`gux-modal #render should render small modal by default 2`] = `"<gux-modal lang=\\"en\\" class=\\"hydrated\\" hidden=\\"true\\"><!----> <div class=\\"gux-modal\\"><div class=\\"gux-modal-container gux-dynamic\\"><gux-dismiss-button tabindex=\\"0\\" class=\\"hydrated\\"></gux-dismiss-button><h1 class=\\"gux-modal-header\\"><div slot=\\"title\\">Modal Title</div></h1><div class=\\"gux-modal-content\\"><p></p><div slot=\\"content\\">This contains the modal content.</div><p></p></div><div class=\\"gux-button-footer\\"><div class=\\"gux-left-align-buttons\\"><div slot=\\"left-align-buttons\\"> <gux-button class=\\"hydrated\\">Cancel</gux-button> </div></div><div class=\\"gux-right-align-buttons\\"><div slot=\\"right-align-buttons\\"> <gux-button accent=\\"primary\\" class=\\"hydrated\\">Accept</gux-button> </div></div></div></div></div></gux-modal>"`;
